2026-09-23 17:38:43,938 | INFO    | Scanning 12 CSVs in data\PSA
2026-09-23 17:38:43,974 | INFO    |   2025_T1_1.csv               rows=142    lgu_level= no  title=TABLE 1.1 Population, Land Area, Density by Region
2026-09-23 17:38:44,025 | INFO    |   2025_T1_3.csv               rows=149    lgu_level=YES  title=TABLE 1.3 Population, Land Area, and Density a/ by
2026-09-23 17:38:44,073 | INFO    | Using province-level table: 2025_T1_1.csv (142 rows)
2026-09-23 17:38:44,074 | INFO    | Using city-level table: 2025_T1_3.csv (149 rows)
2026-09-23 17:38:44,104 | INFO    | Loaded master: 1724 rows
2026-09-23 17:38:44,141 | INFO    | Province rows that did NOT match master (2):
2026-09-23 17:38:44,141 | INFO    |     'Maguindanao (excluding Cotabato City)'
2026-09-23 17:38:44,141 | INFO    |     'Special Geographic Area 10,j'
2026-09-23 17:38:44,142 | INFO    | Province-level population rows: 488
2026-09-23 17:38:44,154 | INFO    | City-level population rows: 596
2026-09-23 17:38:44,339 | INFO    | Allocated municipality rows: 8724
2026-09-23 17:38:44,341 | INFO    | Total census-year rows after merge: 9808
2026-09-23 17:38:44,341 | INFO    | Interpolating to annual (1992–2024)
2026-09-23 17:38:44,781 | INFO    | Annual rows: 56628
2026-09-23 17:38:44,781 | INFO    | Building land area lookup
2026-09-23 17:38:44,839 | INFO    | Backfilled 8 LGU(s) with master pop_2024 only
2026-09-23 17:38:44,839 | INFO    |     1999901000
2026-09-23 17:38:44,840 | INFO    |     1999902000
2026-09-23 17:38:44,840 | INFO    |     1999903000
2026-09-23 17:38:44,840 | INFO    |     1999904000
2026-09-23 17:38:44,840 | INFO    |     1999905000
2026-09-23 17:38:44,840 | INFO    |     1999906000
2026-09-23 17:38:44,840 | INFO    |     1999907000
2026-09-23 17:38:44,840 | INFO    |     1999908000
2026-09-23 17:38:44,857 | INFO    | Wrote data\processed\population_lgu_annual.parquet (56636 rows x 5 cols)
2026-09-23 17:38:44,867 | INFO    | Wrote population_coverage.txt
