2026-09-23 16:53:53,363 | INFO    | Loading SRE panel: data\processed\sre_panel_with_psgc.parquet
2026-09-23 16:53:53,416 | INFO    |   56107 rows, 64 cols
2026-09-23 16:53:53,433 | INFO    |   dropped 2 rows with null psgc10
2026-09-23 16:53:53,454 | WARNING |   387 rows share a (psgc10, fiscal_year) key across 186 groups — keeping lowest-tier row, dropping rest
2026-09-23 16:53:53,486 | INFO    |   after tier-preferred dedup: 55904 rows
2026-09-23 16:53:53,486 | INFO    | Loading PSA panel: data\processed\psa_panel_with_psgc.parquet
2026-09-23 16:53:53,490 | INFO    |   1612 rows, 25 cols
2026-09-23 16:53:53,491 | INFO    | Collapsing 14 Manila district rows -> 1 (psgc10=1380600000)
2026-09-23 16:53:53,495 | INFO    | Pivoting PSA to long form
2026-09-23 16:53:53,500 | INFO    |   4791 (psgc10, fiscal_year) poverty rows
2026-09-23 16:53:53,500 | INFO    | Building PSA wide (broadcast) form
2026-09-23 16:53:53,501 | INFO    |   1597 LGUs with a broadcast poverty block
2026-09-23 16:53:53,501 | INFO    | Loading PSGC master: data\processed\psgc_lgu_master.parquet
2026-09-23 16:53:53,509 | INFO    |   1724 master rows
2026-09-23 16:53:53,509 | INFO    | Merging: SRE base + master ids + PSA long + PSA wide
2026-09-23 16:53:53,523 | INFO    |   after master merge: 55904 rows
2026-09-23 16:53:53,532 | INFO    |   after PSA long merge: 55904 rows
2026-09-23 16:53:53,542 | INFO    |   after PSA wide merge: 55904 rows
2026-09-23 16:53:53,545 | DEBUG   | Dropping redundant SRE-side identifiers: ['region_sre', 'province_sre', 'lgu_name_sre', 'lgu_type_sre']
2026-09-23 16:53:53,732 | INFO    | Wrote data\processed\panel.parquet (55904 rows x 91 cols)
2026-09-23 16:53:55,406 | INFO    | Wrote data\processed\panel.csv
2026-09-23 16:53:55,423 | INFO    | Wrote panel_qa.txt
2026-09-23 16:53:55,423 | INFO    | Done.
